running egg_info
creating ../../build/my_goal_manager/my_goal_manager.egg-info
writing ../../build/my_goal_manager/my_goal_manager.egg-info/PKG-INFO
writing dependency_links to ../../build/my_goal_manager/my_goal_manager.egg-info/dependency_links.txt
writing entry points to ../../build/my_goal_manager/my_goal_manager.egg-info/entry_points.txt
writing requirements to ../../build/my_goal_manager/my_goal_manager.egg-info/requires.txt
writing top-level names to ../../build/my_goal_manager/my_goal_manager.egg-info/top_level.txt
writing manifest file '../../build/my_goal_manager/my_goal_manager.egg-info/SOURCES.txt'
reading manifest file '../../build/my_goal_manager/my_goal_manager.egg-info/SOURCES.txt'
writing manifest file '../../build/my_goal_manager/my_goal_manager.egg-info/SOURCES.txt'
running build
running build_py
creating /home/student22/goal_manager/build/my_goal_manager/build
creating /home/student22/goal_manager/build/my_goal_manager/build/lib
creating /home/student22/goal_manager/build/my_goal_manager/build/lib/my_goal_manager
copying my_goal_manager/goal_manager.py -> /home/student22/goal_manager/build/my_goal_manager/build/lib/my_goal_manager
copying my_goal_manager/__init__.py -> /home/student22/goal_manager/build/my_goal_manager/build/lib/my_goal_manager
running install
running install_lib
creating /home/student22/goal_manager/install/my_goal_manager/lib/python3.12/site-packages/my_goal_manager
copying /home/student22/goal_manager/build/my_goal_manager/build/lib/my_goal_manager/goal_manager.py -> /home/student22/goal_manager/install/my_goal_manager/lib/python3.12/site-packages/my_goal_manager
copying /home/student22/goal_manager/build/my_goal_manager/build/lib/my_goal_manager/__init__.py -> /home/student22/goal_manager/install/my_goal_manager/lib/python3.12/site-packages/my_goal_manager
byte-compiling /home/student22/goal_manager/install/my_goal_manager/lib/python3.12/site-packages/my_goal_manager/goal_manager.py to goal_manager.cpython-312.pyc
byte-compiling /home/student22/goal_manager/install/my_goal_manager/lib/python3.12/site-packages/my_goal_manager/__init__.py to __init__.cpython-312.pyc
running install_data
creating /home/student22/goal_manager/install/my_goal_manager/share/ament_index
creating /home/student22/goal_manager/install/my_goal_manager/share/ament_index/resource_index
creating /home/student22/goal_manager/install/my_goal_manager/share/ament_index/resource_index/packages
copying resource/my_goal_manager -> /home/student22/goal_manager/install/my_goal_manager/share/ament_index/resource_index/packages
copying package.xml -> /home/student22/goal_manager/install/my_goal_manager/share/my_goal_manager
running install_egg_info
Copying ../../build/my_goal_manager/my_goal_manager.egg-info to /home/student22/goal_manager/install/my_goal_manager/lib/python3.12/site-packages/my_goal_manager-0.0.0-py3.12.egg-info
running install_scripts
Installing goal_manager script to /home/student22/goal_manager/install/my_goal_manager/lib/my_goal_manager
writing list of installed files to '/home/student22/goal_manager/build/my_goal_manager/install.log'
