[1.323s] Invoking command in '/home/student22/goal_manager/src/my_goal_manager': DEBUGINFOD_URLS=https://debuginfod.ubuntu.com PYTHONPATH=/home/student22/goal_manager/build/my_goal_manager/prefix_override:/usr/lib/python3/dist-packages/colcon_core/task/python/colcon_distutils_commands:/home/student22/goal_manager/install/my_goal_manager/lib/python3.12/site-packages:${PYTHONPATH} /usr/bin/python3 -W ignore:setup.py install is deprecated -W ignore:easy_install command is deprecated setup.py egg_info --egg-base ../../build/my_goal_manager build --build-base /home/student22/goal_manager/build/my_goal_manager/build install --record /home/student22/goal_manager/build/my_goal_manager/install.log --single-version-externally-managed install_data
[1.630s] running egg_info
[1.630s] creating ../../build/my_goal_manager/my_goal_manager.egg-info
[1.651s] writing ../../build/my_goal_manager/my_goal_manager.egg-info/PKG-INFO
[1.651s] writing dependency_links to ../../build/my_goal_manager/my_goal_manager.egg-info/dependency_links.txt
[1.651s] writing entry points to ../../build/my_goal_manager/my_goal_manager.egg-info/entry_points.txt
[1.651s] writing requirements to ../../build/my_goal_manager/my_goal_manager.egg-info/requires.txt
[1.652s] writing top-level names to ../../build/my_goal_manager/my_goal_manager.egg-info/top_level.txt
[1.652s] writing manifest file '../../build/my_goal_manager/my_goal_manager.egg-info/SOURCES.txt'
[1.703s] reading manifest file '../../build/my_goal_manager/my_goal_manager.egg-info/SOURCES.txt'
[1.704s] writing manifest file '../../build/my_goal_manager/my_goal_manager.egg-info/SOURCES.txt'
[1.705s] running build
[1.705s] running build_py
[1.705s] creating /home/student22/goal_manager/build/my_goal_manager/build
[1.705s] creating /home/student22/goal_manager/build/my_goal_manager/build/lib
[1.705s] creating /home/student22/goal_manager/build/my_goal_manager/build/lib/my_goal_manager
[1.706s] copying my_goal_manager/goal_manager.py -> /home/student22/goal_manager/build/my_goal_manager/build/lib/my_goal_manager
[1.706s] copying my_goal_manager/__init__.py -> /home/student22/goal_manager/build/my_goal_manager/build/lib/my_goal_manager
[1.706s] running install
[1.716s] running install_lib
[1.737s] creating /home/student22/goal_manager/install/my_goal_manager/lib/python3.12/site-packages/my_goal_manager
[1.737s] copying /home/student22/goal_manager/build/my_goal_manager/build/lib/my_goal_manager/goal_manager.py -> /home/student22/goal_manager/install/my_goal_manager/lib/python3.12/site-packages/my_goal_manager
[1.738s] copying /home/student22/goal_manager/build/my_goal_manager/build/lib/my_goal_manager/__init__.py -> /home/student22/goal_manager/install/my_goal_manager/lib/python3.12/site-packages/my_goal_manager
[1.739s] byte-compiling /home/student22/goal_manager/install/my_goal_manager/lib/python3.12/site-packages/my_goal_manager/goal_manager.py to goal_manager.cpython-312.pyc
[1.739s] byte-compiling /home/student22/goal_manager/install/my_goal_manager/lib/python3.12/site-packages/my_goal_manager/__init__.py to __init__.cpython-312.pyc
[1.740s] running install_data
[1.740s] creating /home/student22/goal_manager/install/my_goal_manager/share/ament_index
[1.740s] creating /home/student22/goal_manager/install/my_goal_manager/share/ament_index/resource_index
[1.741s] creating /home/student22/goal_manager/install/my_goal_manager/share/ament_index/resource_index/packages
[1.741s] copying resource/my_goal_manager -> /home/student22/goal_manager/install/my_goal_manager/share/ament_index/resource_index/packages
[1.741s] copying package.xml -> /home/student22/goal_manager/install/my_goal_manager/share/my_goal_manager
[1.741s] running install_egg_info
[1.769s] Copying ../../build/my_goal_manager/my_goal_manager.egg-info to /home/student22/goal_manager/install/my_goal_manager/lib/python3.12/site-packages/my_goal_manager-0.0.0-py3.12.egg-info
[1.770s] running install_scripts
[1.920s] Installing goal_manager script to /home/student22/goal_manager/install/my_goal_manager/lib/my_goal_manager
[1.921s] writing list of installed files to '/home/student22/goal_manager/build/my_goal_manager/install.log'
[1.971s] Invoked command in '/home/student22/goal_manager/src/my_goal_manager' returned '0': DEBUGINFOD_URLS=https://debuginfod.ubuntu.com PYTHONPATH=/home/student22/goal_manager/build/my_goal_manager/prefix_override:/usr/lib/python3/dist-packages/colcon_core/task/python/colcon_distutils_commands:/home/student22/goal_manager/install/my_goal_manager/lib/python3.12/site-packages:${PYTHONPATH} /usr/bin/python3 -W ignore:setup.py install is deprecated -W ignore:easy_install command is deprecated setup.py egg_info --egg-base ../../build/my_goal_manager build --build-base /home/student22/goal_manager/build/my_goal_manager/build install --record /home/student22/goal_manager/build/my_goal_manager/install.log --single-version-externally-managed install_data
